Microchip MPLAB XC8 Compiler V2.41

Linker command line:

-W-3 \
  --edf=C:/Program Files/Microchip/MPLABX/v6.15/packs/Microchip/PIC18Fxxxx_DFP/1.4.151/xc8\pic\dat\20230323171731_en.msgs \
  -cn -h+dist/default/debug\Project_One.debug.sym \
  --cmf=dist/default/debug\Project_One.debug.cmf -z -Q18F4620 \
  -oC:\Users\DELL\AppData\Local\Temp\xcAsbgk.\driver_tmp_3.o \
  --defsym=__MPLAB_BUILD=1 --fixupoverflow=error \
  -Mdist/default/debug/Project_One.debug.map \
  --md=C:\Users\DELL\AppData\Local\Temp\xcAsbgk.\driver_tmp_0.dat -E1 \
  -ver=XC8 Compiler --acfsm=1493 -ACODE=00h-0FFFFh -ACONST=00h-0FFFFh \
  -ASMALLCONST=01000h-010FFhx240 -AMEDIUMCONST=01000h-0FFFFh \
  -ACOMRAM=01h-07Fh -AABS1=00h-0F7Fh -ABIGRAM=01h-0F7Fh \
  -ARAM=080h-0FFh,0100h-01FFhx14,0F00h-0F7Fh -ABANK0=080h-0FFh \
  -ABANK1=0100h-01FFh -ABANK2=0200h-02FFh -ABANK3=0300h-03FFh \
  -ABANK4=0400h-04FFh -ABANK5=0500h-05FFh -ABANK6=0600h-06FFh \
  -ABANK7=0700h-07FFh -ABANK8=0800h-08FFh -ABANK9=0900h-09FFh \
  -ABANK10=0A00h-0AFFh -ABANK11=0B00h-0BFFh -ABANK12=0C00h-0CFFh \
  -ABANK13=0D00h-0DFFh -ABANK14=0E00h-0EFFh -ABANK15=0F00h-0F7Fh \
  -ASFR=0F80h-0FFFh -ABIGSFR=0F80h-0FFFh -ACONFIG=0300000h-030000Dh \
  -AIDLOC=0200000h-0200007h -AEEDATA=0F00000h-0F003FFh -peeprom_data=EEDATA \
  -preset_vec=00h,intcode=08h,intcodelo,powerup,init -pramtop=01000h \
  -psmallconst=SMALLCONST -pmediumconst=MEDIUMCONST -pconst=CONST \
  -AFARRAM=00h-00h \
  -prdata=COMRAM,nvrram=COMRAM,nvbit=COMRAM,rbss=COMRAM,rbit=COMRAM \
  -pfarbss=FARRAM,fardata=FARRAM,nvFARRAM=FARRAM \
  -pintsave_regs=BIGRAM,bigbss=BIGRAM,bigdata=BIGRAM -pbss=RAM \
  -pidata=CODE,irdata=CODE,ibigdata=CODE,ifardata=CODE -prparam=COMRAM \
  C:\Users\DELL\AppData\Local\Temp\xcAsbgk.\driver_tmp_9.o \
  dist/default/debug\Project_One.debug.o 

Object code version is 3.11

Machine type is 18F4620



                Name                               Link     Load   Length Selector   Space Scale
C:\Users\DELL\AppData\Local\Temp\xcAsbgk.\driver_tmp_9.o
                config                           300000   300000        E        0       4
                init                                  E        E        4        4       0
                reset_vec                             0        0        4        0       0
dist/default/debug\Project_One.debug.o
                intcode                               8        8        6        4       0
                config                           300000   300000        E        0       4
                temp                                 76       76        1        1       1
                smallconst                         1000     1000        8      800       0
                text29                             2394     2394        4      804       0
                text28                             219C     219C       42      804       0
                text27                             22CE     22CE       2A      804       0
                text26                             2148     2148       54      804       0
                text25                             22A0     22A0       2E      804       0
                text24                             2272     2272       2E      804       0
                text23                             2390     2390        4      804       0
                text22                             238C     238C        4      804       0
                text21                             2388     2388        4      804       0
                text20                             2346     2346       1A      804       0
                text19                             232C     232C       1A      804       0
                text18                             2312     2312       1A      804       0
                text17                             22F8     22F8       1A      804       0
                text16                             236C     236C        C      804       0
                text15                             2360     2360        C      804       0
                text14                             2378     2378        8      804       0
                text13                             2384     2384        4      804       0
                text12                             21DE     21DE       36      804       0
                intcode_body                       13A2     13A2      386      804       0
                text10                             20DC     20DC       6C      804       0
                text9                              1A2A     1A2A      144      804       0
                text8                              1B6E     1B6E      13C      804       0
                text7                              2070     2070       6C      804       0
                text6                              18DC     18DC      14E      804       0
                text5                              1FF2     1FF2       7E      804       0
                text4                              1EB4     1EB4       BC      804       0
                text3                              1008     1008      39A      804       0
                text2                              1CAA     1CAA      108      804       0
                text1                              1728     1728      1B4      804       0
                text0                              1DB2     1DB2      102      804       0
                cstackCOMRAM                         3C       3C       36        1       1
                cstackBANK0                          D7       D7        8       80       1
                dataBANK1                           100      100       30      100       1
                dataBANK0                            80       80       2E       80       1
                bssBANK0                             AE       AE       29       80       1
                dataCOMRAM                           72       72        4        1       1
                bssCOMRAM                             1        1       3B        1       1
                cinit                              1F70     1F70       82      804       0
                idataBANK1                         2214     2214       30      804       0
                idataBANK0                         2244     2244       2E      804       0
                idataCOMRAM                        2380     2380        4      804       0

TOTAL           Name                               Link     Load   Length     Space
        CLASS   CODE           
                intcode                               8        8        6         0
                init                                  E        E        4         0
                reset_vec                             0        0        4         0
                text29                             2394     2394        4         0
                text28                             219C     219C       42         0
                text27                             22CE     22CE       2A         0
                text26                             2148     2148       54         0
                text25                             22A0     22A0       2E         0
                text24                             2272     2272       2E         0
                text23                             2390     2390        4         0
                text22                             238C     238C        4         0
                text21                             2388     2388        4         0
                text20                             2346     2346       1A         0
                text19                             232C     232C       1A         0
                text18                             2312     2312       1A         0
                text17                             22F8     22F8       1A         0
                text16                             236C     236C        C         0
                text15                             2360     2360        C         0
                text14                             2378     2378        8         0
                text13                             2384     2384        4         0
                text12                             21DE     21DE       36         0
                intcode_body                       13A2     13A2      386         0
                text10                             20DC     20DC       6C         0
                text9                              1A2A     1A2A      144         0
                text8                              1B6E     1B6E      13C         0
                text7                              2070     2070       6C         0
                text6                              18DC     18DC      14E         0
                text5                              1FF2     1FF2       7E         0
                text4                              1EB4     1EB4       BC         0
                text3                              1008     1008      39A         0
                text2                              1CAA     1CAA      108         0
                text1                              1728     1728      1B4         0
                text0                              1DB2     1DB2      102         0
                cinit                              1F70     1F70       82         0
                idataBANK1                         2214     2214       30         0
                idataBANK0                         2244     2244       2E         0
                idataCOMRAM                        2380     2380        4         0

        CLASS   CONST          

        CLASS   SMALLCONST     
                smallconst                         1000     1000        8         0

        CLASS   MEDIUMCONST    

        CLASS   COMRAM         
                temp                                 76       76        1         1
                cstackCOMRAM                         3C       3C       36         1
                dataCOMRAM                           72       72        4         1
                bssCOMRAM                             1        1       3B         1

        CLASS   ABS1           

        CLASS   BIGRAM         

        CLASS   RAM            

        CLASS   BANK0          
                cstackBANK0                          D7       D7        8         1
                dataBANK0                            80       80       2E         1
                bssBANK0                             AE       AE       29         1

        CLASS   BANK1          
                dataBANK1                           100      100       30         1

        CLASS   BANK2          

        CLASS   BANK3          

        CLASS   BANK4          

        CLASS   BANK5          

        CLASS   BANK6          

        CLASS   BANK7          

        CLASS   BANK8          

        CLASS   BANK9          

        CLASS   BANK10         

        CLASS   BANK11         

        CLASS   BANK12         

        CLASS   BANK13         

        CLASS   BANK14         

        CLASS   BANK15         

        CLASS   SFR            

        CLASS   BIGSFR         

        CLASS   CONFIG         
                config                           300000   300000        E         4

        CLASS   IDLOC          

        CLASS   EEDATA         

        CLASS   FARRAM         

        CLASS   HEAP           

        CLASS   STACK          



SEGMENTS        Name                           Load    Length   Top    Selector   Space  Class

                reset_vec                      000000  000004  000004         0       0  CODE    
                bssCOMRAM                      000001  000076  000077         1       1  COMRAM  
                intcode                        000008  00000A  000012         4       0  CODE    
                dataBANK0                      000080  00005F  0000DF        80       1  BANK0   
                dataBANK1                      000100  000030  000130       100       1  BANK1   
                smallconst                     001000  000008  001008       800       0  SMALLCON
                text3                          001008  001390  002398       804       0  CODE    


UNUSED ADDRESS RANGES

        Name                Unused          Largest block    Delta
        BANK0            0000DF-0000FF               21
        BANK1            000130-0001FF               D0
        BANK10           000A00-000AFF              100
        BANK11           000B00-000BFF              100
        BANK12           000C00-000CFF              100
        BANK13           000D00-000DFF              100
        BANK14           000E00-000EFF              100
        BANK15           000F00-000F7F               80
        BANK2            000200-0002FF              100
        BANK3            000300-0003FF              100
        BANK4            000400-0004FF              100
        BANK5            000500-0005FF              100
        BANK6            000600-0006FF              100
        BANK7            000700-0007FF              100
        BANK8            000800-0008FF              100
        BANK9            000900-0009FF              100
        BIGRAM           000077-00007F                9
                         0000DF-0000FF               21
                         000130-000F7F              E50
        BIGSFR           000F80-000FFF               80
        CODE             000004-000007                4
                         000012-000FFF              FEE
                         002398-00FFFF             DC68
        COMRAM           000077-00007F                9
        CONST            000004-000007                4
                         000012-000FFF              FEE
                         002398-00FFFF             DC68
        EEDATA           F00000-F003FF              400
        IDLOC            200000-200007                8
        MEDIUMCONST      002398-00FFFF             DC68
        RAM              0000DF-0000FF               21
                         000130-000F7F              100
        SFR              000F80-000FFF               80
        SMALLCONST       002398-00FFFF              100

                                  Symbol Table

?___fldiv                                         cstackCOMRAM 000053
?___fltol                                         cstackCOMRAM 00006C
?___xxtofl                                        cstackCOMRAM 000045
CCP1_Compare_Mode_Set_Value@F3144                 bssCOMRAM    000005
CCP1_DefualtInterruptHundeler@CCP1_Interrupt_Flag bssCOMRAM    00002F
CCP_CAPTURE_Init@ccp_obj                          cstackCOMRAM 000053
CCP_CAPTURE_Init@ret                              cstackCOMRAM 000057
CCP_Captured_Mode_Read_Value@F3123                bssCOMRAM    000007
CCP_Captured_Mode_Read_Value@captured_value       cstackCOMRAM 00003C
CCP_Captured_Mode_Read_Value@capure_temp_value    cstackCOMRAM 00003F
CCP_Captured_Mode_Read_Value@ret                  cstackCOMRAM 00003E
RB4_ISR@source                                    cstackCOMRAM 00003C
RB5_ISR@source                                    cstackCOMRAM 00003C
RB6_ISR@source                                    cstackCOMRAM 00003C
RB7_ISR@source                                    cstackCOMRAM 00003C
Relay_Initialize@F3042                            bssCOMRAM    000036
Relay_Turn_OFF@F3052                              bssCOMRAM    000034
Relay_Turn_ON@F3047                               bssCOMRAM    000035
Timer3_Init@ret                                   cstackCOMRAM 00004B
Timer3_Init@timer3                                cstackCOMRAM 000047
Timer3_Mode_Select@timer3                         cstackCOMRAM 000045
Timer3_Write_Value@ret                            cstackCOMRAM 000040
Timer3_Write_Value@timer3                         cstackCOMRAM 00003C
Timer3_Write_Value@value                          cstackCOMRAM 00003E
_ADCON0bits                                       (abs)        000FC2
_ADCON1bits                                       (abs)        000FC1
_ADCON2bits                                       (abs)        000FC0
_ADC_ISR                                          text29       002394
_ADC_Interrupt_Handular                           bssCOMRAM    00002D
_ADRESH                                           (abs)        000FC4
_ADRESL                                           (abs)        000FC3
_CCP1CONbits                                      (abs)        000FBD
_CCP1_DefualtInterruptHundeler                    text26       002148
_CCP1_ISR                                         text25       0022A0
_CCP1_Interrupt_Hundeler                          bssCOMRAM    00000B
_CCP2CONbits                                      (abs)        000FBA
_CCP2_ISR                                         text24       002272
_CCP2_Interrupt_Hundeler                          bssCOMRAM    000009
_CCPR1H                                           (abs)        000FBF
_CCPR1L                                           (abs)        000FBE
_CCPR2H                                           (abs)        000FBC
_CCPR2L                                           (abs)        000FBB
_CCP_CAPTURE_Init                                 text6        0018DC
_CCP_Captured_Mode_Read_Value                     text28       00219C
_CCP_second_capature_flag                         bssCOMRAM    000032
_EEADR                                            (abs)        000FA9
_EEADRH                                           (abs)        000FAA
_EECON1bits                                       (abs)        000FA6
_EECON2                                           (abs)        000FA7
_EEDATA                                           (abs)        000FA8
_INT0_ISR                                         text23       002390
_INT0_Interrupt_Handular                          bssCOMRAM    00002B
_INT1_ISR                                         text22       00238C
_INT1_Interrupt_Handular                          bssCOMRAM    000029
_INT2_ISR                                         text21       002388
_INT2_Interrupt_Handular                          bssCOMRAM    000027
_INTCON2bits                                      (abs)        000FF1
_INTCON3bits                                      (abs)        000FF0
_INTCONbits                                       (abs)        000FF2
_Interrupt_Manager                                intcode      000008
_LATA                                             (abs)        000F89
_LATB                                             (abs)        000F8A
_LATC                                             (abs)        000F8B
_LATD                                             (abs)        000F8C
_LATE                                             (abs)        000F8D
_PIE1bits                                         (abs)        000F9D
_PIE2bits                                         (abs)        000FA0
_PIR1bits                                         (abs)        000F9E
_PIR2bits                                         (abs)        000FA1
_PORTA                                            (abs)        000F80
_PORTB                                            (abs)        000F81
_PORTBbits                                        (abs)        000F81
_PORTC                                            (abs)        000F82
_PORTD                                            (abs)        000F83
_PORTE                                            (abs)        000F84
_PR2                                              (abs)        000FCB
_RB4_Flag                                         dataCOMRAM   000075
_RB4_ISR                                          text20       002346
_RB4_Interrupt_Handular_HIGH                      bssCOMRAM    000025
_RB4_Interrupt_Handular_LOW                       bssCOMRAM    000023
_RB5_Flag                                         dataCOMRAM   000074
_RB5_ISR                                          text19       00232C
_RB5_Interrupt_Handular_HIGH                      bssCOMRAM    000021
_RB5_Interrupt_Handular_LOW                       bssCOMRAM    00001F
_RB6_Flag                                         dataCOMRAM   000073
_RB6_ISR                                          text18       002312
_RB6_Interrupt_Handular_HIGH                      bssCOMRAM    00001D
_RB6_Interrupt_Handular_LOW                       bssCOMRAM    00001B
_RB7_Flag                                         dataCOMRAM   000072
_RB7_ISR                                          text17       0022F8
_RB7_Interrupt_Handular_HIGH                      bssCOMRAM    000019
_RB7_Interrupt_Handular_LOW                       bssCOMRAM    000017
_T0CONbits                                        (abs)        000FD5
_T1CONbits                                        (abs)        000FCD
_T2CONbits                                        (abs)        000FCA
_T3CONbits                                        (abs)        000FB1
_TIMER0_ISR                                       text16       00236C
_TIMER1_ISR                                       text15       002360
_TIMER2_ISR                                       text14       002378
_TIMER3_DefualtInterruptHundeler                  text13       002384
_TIMER3_ISR                                       text12       0021DE
_TIMER3_Interrupt_Flag                            bssBANK0     0000B4
_TMR0H                                            (abs)        000FD7
_TMR0L                                            (abs)        000FD6
_TMR0_Interrupt_Hundeler                          bssCOMRAM    000015
_TMR1H                                            (abs)        000FCF
_TMR1L                                            (abs)        000FCE
_TMR1_Interrupt_Hundeler                          bssCOMRAM    000011
_TMR2                                             (abs)        000FCC
_TMR2_Interrupt_Hundeler                          bssCOMRAM    00000F
_TMR3H                                            (abs)        000FB3
_TMR3L                                            (abs)        000FB2
_TMR3_Interrupt_Hundeler                          bssCOMRAM    00000D
_TRISA                                            (abs)        000F92
_TRISB                                            (abs)        000F93
_TRISC                                            (abs)        000F94
_TRISD                                            (abs)        000F95
_TRISE                                            (abs)        000F96
_Timer3_Init                                      text4        001EB4
_Timer3_Mode_Select                               text5        001FF2
_Timer3_Write_Value                               text27       0022CE
_Total_Period_Milliseconds                        bssCOMRAM    00003B
__HRAM                                            (abs)        000000
__H__absolute__                                   __absolute__ 000000
__Habs1                                           abs1         000000
__Hbank0                                          bank0        000000
__Hbank1                                          bank1        000000
__Hbank10                                         bank10       000000
__Hbank11                                         bank11       000000
__Hbank12                                         bank12       000000
__Hbank13                                         bank13       000000
__Hbank14                                         bank14       000000
__Hbank15                                         bank15       000000
__Hbank2                                          bank2        000000
__Hbank3                                          bank3        000000
__Hbank4                                          bank4        000000
__Hbank5                                          bank5        000000
__Hbank6                                          bank6        000000
__Hbank7                                          bank7        000000
__Hbank8                                          bank8        000000
__Hbank9                                          bank9        000000
__Hbigbss                                         bigbss       000000
__Hbigdata                                        bigdata      000000
__Hbigram                                         bigram       000000
__Hbigsfr                                         bigsfr       000000
__Hbss                                            bss          000000
__HbssBANK0                                       bssBANK0     000000
__HbssCOMRAM                                      bssCOMRAM    000000
__Hcinit                                          cinit        000000
__Hclrtext                                        clrtext      000000
__Hcomram                                         comram       000000
__Hconfig                                         config       30000E
__Hconst                                          const        000000
__HcstackBANK0                                    cstackBANK0  000000
__HcstackCOMRAM                                   cstackCOMRAM 000000
__Hdata                                           data         000000
__HdataBANK0                                      dataBANK0    000000
__HdataBANK1                                      dataBANK1    000000
__HdataCOMRAM                                     dataCOMRAM   000000
__Heeprom_data                                    eeprom_data  000000
__Hfarbss                                         farbss       000000
__Hfardata                                        fardata      000000
__Hheap                                           heap         000000
__Hibigdata                                       ibigdata     000000
__Hidata                                          idata        000000
__HidataBANK0                                     idataBANK0   000000
__HidataBANK1                                     idataBANK1   000000
__HidataCOMRAM                                    idataCOMRAM  000000
__Hidloc                                          idloc        000000
__Hifardata                                       ifardata     000000
__Hinit                                           init         000012
__Hintcode                                        intcode      00000E
__Hintcode_body                                   intcode_body 000000
__Hintcodelo                                      intcodelo    00000E
__Hintentry                                       intentry     000000
__Hintret                                         intret       000000
__Hintsave_regs                                   intsave_regs 000000
__Hirdata                                         irdata       000000
__Hmediumconst                                    mediumconst  000000
__HnvFARRAM                                       nvFARRAM     000000
__Hnvbit                                          nvbit        000000
__Hnvrram                                         nvrram       000000
__Hparam                                          rparam       000000
__Hpowerup                                        powerup      00000E
__Hram                                            ram          000000
__Hramtop                                         ramtop       001000
__Hrbit                                           rbit         000000
__Hrbss                                           rbss         000000
__Hrdata                                          rdata        000000
__Hreset_vec                                      reset_vec    000004
__Hrparam                                         rparam       000000
__Hsfr                                            sfr          000000
__Hsmallconst                                     smallconst   001008
__Hspace_0                                        (abs)        002398
__Hspace_1                                        (abs)        000130
__Hspace_2                                        (abs)        000000
__Hspace_4                                        (abs)        60000E
__Hstack                                          stack        000000
__Hstruct                                         struct       000000
__Htemp                                           temp         000077
__Htext                                           text         000000
__Htext0                                          text0        000000
__Htext1                                          text1        000000
__Htext10                                         text10       000000
__Htext12                                         text12       000000
__Htext13                                         text13       000000
__Htext14                                         text14       000000
__Htext15                                         text15       000000
__Htext16                                         text16       000000
__Htext17                                         text17       000000
__Htext18                                         text18       000000
__Htext19                                         text19       000000
__Htext2                                          text2        000000
__Htext20                                         text20       000000
__Htext21                                         text21       000000
__Htext22                                         text22       000000
__Htext23                                         text23       000000
__Htext24                                         text24       000000
__Htext25                                         text25       000000
__Htext26                                         text26       000000
__Htext27                                         text27       000000
__Htext28                                         text28       000000
__Htext29                                         text29       000000
__Htext3                                          text3        000000
__Htext30                                         text30       000000
__Htext4                                          text4        000000
__Htext5                                          text5        000000
__Htext6                                          text6        000000
__Htext7                                          text7        000000
__Htext8                                          text8        000000
__Htext9                                          text9        000000
__LRAM                                            (abs)        000001
__L__absolute__                                   __absolute__ 000000
__Labs1                                           abs1         000000
__Lbank0                                          bank0        000000
__Lbank1                                          bank1        000000
__Lbank10                                         bank10       000000
__Lbank11                                         bank11       000000
__Lbank12                                         bank12       000000
__Lbank13                                         bank13       000000
__Lbank14                                         bank14       000000
__Lbank15                                         bank15       000000
__Lbank2                                          bank2        000000
__Lbank3                                          bank3        000000
__Lbank4                                          bank4        000000
__Lbank5                                          bank5        000000
__Lbank6                                          bank6        000000
__Lbank7                                          bank7        000000
__Lbank8                                          bank8        000000
__Lbank9                                          bank9        000000
__Lbigbss                                         bigbss       000000
__Lbigdata                                        bigdata      000000
__Lbigram                                         bigram       000000
__Lbigsfr                                         bigsfr       000000
__Lbss                                            bss          000000
__LbssBANK0                                       bssBANK0     000000
__LbssCOMRAM                                      bssCOMRAM    000000
__Lcinit                                          cinit        000000
__Lclrtext                                        clrtext      000000
__Lcomram                                         comram       000000
__Lconfig                                         config       000000
__Lconst                                          const        000000
__LcstackBANK0                                    cstackBANK0  000000
__LcstackCOMRAM                                   cstackCOMRAM 000000
__Ldata                                           data         000000
__LdataBANK0                                      dataBANK0    000000
__LdataBANK1                                      dataBANK1    000000
__LdataCOMRAM                                     dataCOMRAM   000000
__Leeprom_data                                    eeprom_data  000000
__Lfarbss                                         farbss       000000
__Lfardata                                        fardata      000000
__Lheap                                           heap         000000
__Libigdata                                       ibigdata     000000
__Lidata                                          idata        000000
__LidataBANK0                                     idataBANK0   000000
__LidataBANK1                                     idataBANK1   000000
__LidataCOMRAM                                    idataCOMRAM  000000
__Lidloc                                          idloc        000000
__Lifardata                                       ifardata     000000
__Linit                                           init         00000E
__Lintcode                                        intcode      000008
__Lintcode_body                                   intcode_body 000000
__Lintcodelo                                      intcodelo    00000E
__Lintentry                                       intentry     000000
__Lintret                                         intret       000000
__Lintsave_regs                                   intsave_regs 000000
__Lirdata                                         irdata       000000
__Lmediumconst                                    mediumconst  000000
__LnvFARRAM                                       nvFARRAM     000000
__Lnvbit                                          nvbit        000000
__Lnvrram                                         nvrram       000000
__Lparam                                          rparam       000000
__Lpowerup                                        powerup      00000E
__Lram                                            ram          000000
__Lramtop                                         ramtop       001000
__Lrbit                                           rbit         000000
__Lrbss                                           rbss         000000
__Lrdata                                          rdata        000000
__Lreset_vec                                      reset_vec    000000
__Lrparam                                         rparam       000000
__Lsfr                                            sfr          000000
__Lsmallconst                                     smallconst   001000
__Lspace_0                                        (abs)        000000
__Lspace_1                                        (abs)        000000
__Lspace_2                                        (abs)        000000
__Lspace_4                                        (abs)        000000
__Lstack                                          stack        000000
__Lstruct                                         struct       000000
__Ltemp                                           temp         000076
__Ltext                                           text         000000
__Ltext0                                          text0        000000
__Ltext1                                          text1        000000
__Ltext10                                         text10       000000
__Ltext12                                         text12       000000
__Ltext13                                         text13       000000
__Ltext14                                         text14       000000
__Ltext15                                         text15       000000
__Ltext16                                         text16       000000
__Ltext17                                         text17       000000
__Ltext18                                         text18       000000
__Ltext19                                         text19       000000
__Ltext2                                          text2        000000
__Ltext20                                         text20       000000
__Ltext21                                         text21       000000
__Ltext22                                         text22       000000
__Ltext23                                         text23       000000
__Ltext24                                         text24       000000
__Ltext25                                         text25       000000
__Ltext26                                         text26       000000
__Ltext27                                         text27       000000
__Ltext28                                         text28       000000
__Ltext29                                         text29       000000
__Ltext3                                          text3        000000
__Ltext30                                         text30       000000
__Ltext4                                          text4        000000
__Ltext5                                          text5        000000
__Ltext6                                          text6        000000
__Ltext7                                          text7        000000
__Ltext8                                          text8        000000
__Ltext9                                          text9        000000
__S0                                              (abs)        002398
__S1                                              (abs)        000130
__S4                                              (abs)        000000
__S5                                              (abs)        000000
___fldiv                                          text3        001008
___fldiv@a                                        cstackCOMRAM 000057
___fldiv@aexp                                     cstackCOMRAM 00006B
___fldiv@b                                        cstackCOMRAM 000053
___fldiv@bexp                                     cstackCOMRAM 00006A
___fldiv@grs                                      cstackCOMRAM 000066
___fldiv@new_exp                                  cstackCOMRAM 000064
___fldiv@rem                                      cstackCOMRAM 00005F
___fldiv@sign                                     cstackCOMRAM 000063
___fltol                                          text2        001CAA
___fltol@exp1                                     cstackCOMRAM 000071
___fltol@f1                                       cstackCOMRAM 00006C
___fltol@sign1                                    cstackCOMRAM 000070
___heap_hi                                        (abs)        000000
___heap_lo                                        (abs)        000000
___inthi_sp                                       stack        000000
___intlo_sp                                       stack        000000
___param_bank                                     (abs)        000000
___rparam_used                                    (abs)        000001
___sp                                             stack        000000
___xxtofl                                         text1        001728
___xxtofl@arg                                     cstackCOMRAM 00004F
___xxtofl@exp                                     cstackCOMRAM 00004E
___xxtofl@sign                                    cstackCOMRAM 00004D
___xxtofl@val                                     cstackCOMRAM 000045
__accesstop                                       (abs)        000080
__activetblptr                                    (abs)        000003
__end_of_ADC_ISR                                  text29       002398
__end_of_CCP1_DefualtInterruptHundeler            text26       00219C
__end_of_CCP1_ISR                                 text25       0022CE
__end_of_CCP2_ISR                                 text24       0022A0
__end_of_CCP_CAPTURE_Init                         text6        001A2A
__end_of_CCP_Captured_Mode_Read_Value             text28       0021DE
__end_of_INT0_ISR                                 text23       002394
__end_of_INT1_ISR                                 text22       002390
__end_of_INT2_ISR                                 text21       00238C
__end_of_Interrupt_Manager                        intcode_body 001728
__end_of_RB4_ISR                                  text20       002360
__end_of_RB5_ISR                                  text19       002346
__end_of_RB6_ISR                                  text18       00232C
__end_of_RB7_ISR                                  text17       002312
__end_of_TIMER0_ISR                               text16       002378
__end_of_TIMER1_ISR                               text15       00236C
__end_of_TIMER2_ISR                               text14       002380
__end_of_TIMER3_DefualtInterruptHundeler          text13       002388
__end_of_TIMER3_ISR                               text12       002214
__end_of_Timer3_Init                              text4        001F70
__end_of_Timer3_Mode_Select                       text5        002070
__end_of_Timer3_Write_Value                       text27       0022F8
__end_of___fldiv                                  text3        0013A2
__end_of___fltol                                  text2        001DB2
__end_of___xxtofl                                 text1        0018DC
__end_of__initialization                          cinit        001FE8
__end_of_ccp_capture_mode_timer_select            text10       002148
__end_of_gpio_pin_direction_intialize             text9        001B6E
__end_of_gpio_pin_intialize                       text7        0020DC
__end_of_gpio_pin_write_logic                     text8        001CAA
__end_of_main                                     text0        001EB4
__initialization                                  cinit        001F70
__mediumconst                                     mediumconst  000000
__pbssBANK0                                       bssBANK0     0000AE
__pbssCOMRAM                                      bssCOMRAM    000001
__pcinit                                          cinit        001F70
__pcstackBANK0                                    cstackBANK0  0000D7
__pcstackCOMRAM                                   cstackCOMRAM 00003C
__pdataBANK0                                      dataBANK0    000080
__pdataBANK1                                      dataBANK1    000100
__pdataCOMRAM                                     dataCOMRAM   000072
__pidataBANK0                                     idataBANK0   002244
__pidataBANK1                                     idataBANK1   002214
__pidataCOMRAM                                    idataCOMRAM  002380
__pintcode                                        intcode      000008
__pintcode_body                                   intcode_body 0013A2
__psmallconst                                     smallconst   001000
__ptext0                                          text0        001DB2
__ptext1                                          text1        001728
__ptext10                                         text10       0020DC
__ptext12                                         text12       0021DE
__ptext13                                         text13       002384
__ptext14                                         text14       002378
__ptext15                                         text15       002360
__ptext16                                         text16       00236C
__ptext17                                         text17       0022F8
__ptext18                                         text18       002312
__ptext19                                         text19       00232C
__ptext2                                          text2        001CAA
__ptext20                                         text20       002346
__ptext21                                         text21       002388
__ptext22                                         text22       00238C
__ptext23                                         text23       002390
__ptext24                                         text24       002272
__ptext25                                         text25       0022A0
__ptext26                                         text26       002148
__ptext27                                         text27       0022CE
__ptext28                                         text28       00219C
__ptext29                                         text29       002394
__ptext3                                          text3        001008
__ptext30                                         text30       000000
__ptext4                                          text4        001EB4
__ptext5                                          text5        001FF2
__ptext6                                          text6        0018DC
__ptext7                                          text7        002070
__ptext8                                          text8        001B6E
__ptext9                                          text9        001A2A
__ramtop                                          ramtop       001000
__smallconst                                      smallconst   001000
_ccp_capture_mode_timer_select                    text10       0020DC
_ccp_obj                                          bssBANK0     0000BC
_freq                                             bssCOMRAM    000030
_gpio_pin_direction_intialize                     text9        001A2A
_gpio_pin_intialize                               text7        002070
_gpio_pin_write_logic                             text8        001B6E
_keypad_btn_values                                dataBANK1    000100
_lat_registers                                    dataBANK0    00008A
_lcd_1                                            dataBANK0    0000A8
_lcd_2                                            dataBANK0    00009E
_main                                             text0        001DB2
_main$4205                                        cstackBANK0  0000DB
_port_registers                                   dataBANK0    000080
_second_capeture                                  bssBANK0     0000D3
_timer0_preload                                   bssCOMRAM    000013
_timer1_preload                                   bssCOMRAM    000001
_timer2_preloaded                                 bssCOMRAM    000033
_timer3                                           bssBANK0     0000CC
_timer3_overflow                                  bssCOMRAM    000031
_timer3_preload                                   bssBANK0     0000B8
_tris_registers                                   dataBANK0    000094
btemp                                             temp         000076
ccp_capture_mode_timer_select@ccp_obj             cstackCOMRAM 000045
end_of_initialization                             cinit        001FE8
gpio_pin_direction_intialize@pin_config           cstackCOMRAM 000045
gpio_pin_direction_intialize@ret                  cstackCOMRAM 00004D
gpio_pin_intialize@pin_config                     cstackCOMRAM 00004F
gpio_pin_intialize@ret                            cstackCOMRAM 000052
gpio_pin_write_logic@logic                        cstackCOMRAM 000047
gpio_pin_write_logic@pin_config                   cstackCOMRAM 000045
gpio_pin_write_logic@ret                          cstackCOMRAM 00004E
int$flags                                         temp         000076
int_func                                          intcode_body 0013A2
intlevel0                                         text         000000
intlevel1                                         text         000000
intlevel2                                         text         000000
intlevel3                                         text         000000
isa$std                                           (abs)        000001
isa$xinst                                         (abs)        000000
led_initialize@F3048                              bssCOMRAM    00003A
led_toggle@F3063                                  bssCOMRAM    000037
led_turn_off@F3058                                bssCOMRAM    000038
led_turn_on@F3053                                 bssCOMRAM    000039
stackhi                                           (abs)        000000
stacklo                                           (abs)        000000
start                                             init         00000E
start_initialization                              cinit        001F70
ttemp5                                            temp         000077
ttemp6                                            temp         00007A
ttemp7                                            temp         00007E
wtemp8                                            temp         000077


MODULE INFORMATION

Module		Function		Class		Link	Load	Size
MCAL_Layer/interrupt/mcal_external_interrupt.c
		_RB4_ISR       		CODE           	2346	0000	26
		_RB5_ISR       		CODE           	232C	0000	26
		_RB6_ISR       		CODE           	2312	0000	26
		_RB7_ISR       		CODE           	22F8	0000	26
		_INT0_ISR      		CODE           	2390	0000	4
		_INT1_ISR      		CODE           	238C	0000	4
		_INT2_ISR      		CODE           	2388	0000	4

MCAL_Layer/interrupt/mcal_external_interrupt.c estimated size: 116

MCAL_Layer/Timer/hal_Timer0.c
		_TIMER0_ISR    		CODE           	236C	0000	12

MCAL_Layer/Timer/hal_Timer0.c estimated size: 12

D:\Embeded-Compiler\pic\sources\c99\common\xxtofl.c
		___xxtofl      		CODE           	1728	0000	436

D:\Embeded-Compiler\pic\sources\c99\common\xxtofl.c estimated size: 436

D:\Embeded-Compiler\pic\sources\c99\common\fltol.c
		___fltol       		CODE           	1CAA	0000	264

D:\Embeded-Compiler\pic\sources\c99\common\fltol.c estimated size: 264

MCAL_Layer/CCP1/hal_ccp.c
		_ccp_capture_mode_timer_select		CODE           	20DC	0000	108
		_CCP1_ISR      		CODE           	22A0	0000	46
		_CCP2_ISR      		CODE           	2272	0000	46
		_CCP_Captured_Mode_Read_Value		CODE           	219C	0000	66
		_CCP_CAPTURE_Init		CODE           	18DC	0000	334

MCAL_Layer/CCP1/hal_ccp.c estimated size: 600

D:\Embeded-Compiler\pic\sources\c99\common\sprcdiv.c
		___fldiv       		CODE           	1008	0000	922

D:\Embeded-Compiler\pic\sources\c99\common\sprcdiv.c estimated size: 922

shared
		__initialization		CODE           	1F70	0000	120

shared estimated size: 120

MCAL_Layer/ADC/hal_adc.c
		_ADC_ISR       		CODE           	2394	0000	4

MCAL_Layer/ADC/hal_adc.c estimated size: 4

MCAL_Layer/GPIO/hal_gpio.c
		_gpio_pin_write_logic		CODE           	1B6E	0000	316
		_gpio_pin_intialize		CODE           	2070	0000	108
		_gpio_pin_direction_intialize		CODE           	1A2A	0000	324

MCAL_Layer/GPIO/hal_gpio.c estimated size: 748

application.c
		_TIMER3_DefualtInterruptHundeler		CODE           	2384	0000	4
		_main          		CODE           	1DB2	0000	258
		_CCP1_DefualtInterruptHundeler		CODE           	2148	0000	84

application.c estimated size: 346

MCAL_Layer/Timer3/hal_timer3.c
		_Timer3_Init   		CODE           	1EB4	0000	188
		_Timer3_Write_Value		CODE           	22CE	0000	42
		_Timer3_Mode_Select		CODE           	1FF2	0000	126
		_TIMER3_ISR    		CODE           	21DE	0000	54

MCAL_Layer/Timer3/hal_timer3.c estimated size: 410

MCAL_Layer/Timer2/hal_timer2.c
		_TIMER2_ISR    		CODE           	2378	0000	8

MCAL_Layer/Timer2/hal_timer2.c estimated size: 8

MCAL_Layer/Timer1/hal_timer1.c
		_TIMER1_ISR    		CODE           	2360	0000	12

MCAL_Layer/Timer1/hal_timer1.c estimated size: 12

MCAL_Layer/interrupt/mcal_interrupt_manager.c
		_Interrupt_Manager		CODE           	0008	0000	908

MCAL_Layer/interrupt/mcal_interrupt_manager.c estimated size: 908

